../Core/Src/main.c:89:6:BMP_get_ID	24	static
../Core/Src/main.c:107:6:BMP_send_Configuration	24	static
../Core/Src/main.c:133:6:BMP_get_calibration_temp_press	4	static
../Core/Src/main.c:137:6:clean_Rx_order_buffer	16	static
../Core/Src/main.c:143:6:Rx_order_buffer_analyse	16	static
../Core/Src/main.c:191:6:wait_for_order	8	static
../Core/Src/main.c:202:5:main	8	static
../Core/Src/main.c:251:6:SystemClock_Config	88	static
../Core/Src/main.c:299:13:MX_CAN2_Init	8	static
../Core/Src/main.c:336:13:MX_I2C1_Init	8	static
../Core/Src/main.c:370:13:MX_USART1_UART_Init	8	static
../Core/Src/main.c:403:13:MX_USART2_UART_Init	8	static
../Core/Src/main.c:436:13:MX_GPIO_Init	24	static
../Core/Src/main.c:454:6:Error_Handler	4	static,ignoring_inline_asm
